pytest : C:\Users\steevenz\AppData\Roaming\Python\Python314\site-packages\requests\__init__.py:113: 
RequestsDependencyWarning: urllib3 (2.6.3) or chardet (7.4.3)/charset_normalizer (3.4.5) doesn't match a supported 
version!
At line:1 char:1
+ pytest tests/test_refactor_hardened.py -vv > test_output.txt 2>&1
+ ~~~~~~~~~~~~~~~~~~~~~~~~~~~~~~~~~~~~~~~~~~~~~~~~~~~~~~~~~~~~~~~~~
    + CategoryInfo          : NotSpecified: (C:\Users\steeve...ported version!:String) [], RemoteException
    + FullyQualifiedErrorId : NativeCommandError
 
  warnings.warn(
============================= test session starts =============================
platform win32 -- Python 3.14.3, pytest-9.0.3, pluggy-1.6.0 -- C:\Python314\python.exe
cachedir: .pytest_cache
rootdir: C:\Users\steevenz\MCP\mcp-codecortex
configfile: pytest.ini
plugins: anyio-4.12.1, langsmith-0.8.0, asyncio-1.3.0, cov-7.1.0
asyncio: mode=Mode.AUTO, debug=False, asyncio_default_fixture_loop_scope=function, asyncio_default_test_loop_scope=function
collecting ... collected 1 item

tests/test_refactor_hardened.py::test_refactor_diff_generation FAILED    [100%]

================================== FAILURES ===================================
________________________ test_refactor_diff_generation ________________________

    @pytest.mark.asyncio
    async def test_refactor_diff_generation():
        # Setup test repository
        test_repo_path = Path("scratch/test_refactor_diff").resolve()
        test_repo_path.mkdir(parents=True, exist_ok=True)
    
        hello_py = test_repo_path / "hello.py"
        hello_py.write_text("def old_func():\n    print('hello')\n", encoding="utf-8")
    
        main_py = test_repo_path / "main.py"
        main_py.write_text("from hello import old_func\nold_func()\n", encoding="utf-8")
    
        orchestrator = create_orchestrator()
        try:
            # 1. Init repo
            repo_id = await orchestrator.repo_service.initialize(str(test_repo_path))
            assert repo_id is not None
    
            # 2. Index repo
            await orchestrator.index_service.index_repository(repo_id)
    
            # 3. Test Rename with Diff
            result = await orchestrator.refactor_service.rename_symbol(
                path=str(hello_py),
                old_name="old_func",
                new_name="new_func",
                dry_run=True
            )
    
            assert result.status == "dry_run"
>           assert len(result.changes) >= 2
E           assert 1 >= 2
E            +  where 1 = len([RefactorChange(path='C:\\Users\\steevenz\\MCP\\mcp-codecortex\\scratch\\test_refactor_diff\\hello.py', action='modify', description='Rename old_func to new_func', diff="--- a/hello.py+++ b/hello.py@@ -1,2 +1,2 @@-def old_func():\n+def new_func():\n     print('hello')\n", metadata={})])
E            +    where [RefactorChange(path='C:\\Users\\steevenz\\MCP\\mcp-codecortex\\scratch\\test_refactor_diff\\hello.py', action='modify', description='Rename old_func to new_func', diff="--- a/hello.py+++ b/hello.py@@ -1,2 +1,2 @@-def old_func():\n+def new_func():\n     print('hello')\n", metadata={})] = RefactorResult(status='dry_run', message='Rename plan generated', repository_id='42143902-25bb-4514-acc7-f41b0cfe5768', changes=[RefactorChange(path='C:\\Users\\steevenz\\MCP\\mcp-codecortex\\scratch\\test_refactor_diff\\hello.py', action='modify', description='Rename old_func to new_func', diff="--- a/hello.py+++ b/hello.py@@ -1,2 +1,2 @@-def old_func():\n+def new_func():\n     print('hello')\n", metadata={})], commit_hash=None, error_code=None).changes

tests\test_refactor_hardened.py:39: AssertionError
---------------------------- Captured stdout call -----------------------------
{"timestamp": "2026-05-06T14:22:20.612Z", "level": "info", "context": "CodeCortex.Core.Database", "message": "[DATABASE_INITIALIZED]", "path": "C:\\Users\\steevenz\\MCP\\mcp-codecortex\\database\\codecortex.db", "workspace_id": null}
{"timestamp": "2026-05-06T14:22:20.644Z", "level": "info", "context": "CodeCortex.Domain.CodeRepository", "message": "[REPO_SYNC_STARTED] {\"path\": \"C:\\\\Users\\\\steevenz\\\\MCP\\\\mcp-codecortex\\\\scratch\\\\test_refactor_diff\", \"max_depth\": null, \"request_id\": \"internal\"}", "path": "C:\\Users\\steevenz\\MCP\\mcp-codecortex\\scratch\\test_refactor_diff", "max_depth": null, "request_id": "internal"}
{"timestamp": "2026-05-06T14:22:20.741Z", "level": "warning", "context": "CodeCortex.Domain.CodeRepository.History", "message": "Git repository not detected at C:\\Users\\steevenz\\MCP\\mcp-codecortex\\scratch\\test_refactor_diff: C:\\Users\\steevenz\\MCP\\mcp-codecortex\\scratch\\test_refactor_diff"}
{"timestamp": "2026-05-06T14:22:20.746Z", "level": "info", "context": "CodeCortex.Domain.CodeRepository", "message": "[REPO_SYNC_COMPLETED] {\"repo_id\": \"42143902-25bb-4514-acc7-f41b0cfe5768\", \"request_id\": \"internal\"}", "repo_id": "42143902-25bb-4514-acc7-f41b0cfe5768", "request_id": "internal"}
{"timestamp": "2026-05-06T14:22:20.798Z", "level": "info", "context": "CodeCortex.Domain.CodeIndex", "message": "[REPO_INDEXING_STARTED] {\"repository_id\": \"42143902-25bb-4514-acc7-f41b0cfe5768\"}", "repository_id": "42143902-25bb-4514-acc7-f41b0cfe5768"}
{"timestamp": "2026-05-06T14:22:20.884Z", "level": "info", "context": "CodeCortex.Domain.CodeIndex", "message": "[PRE_SCAN_COMPLETED] {\"repository_id\": \"42143902-25bb-4514-acc7-f41b0cfe5768\", \"python_files\": 2, \"symbols_mapped\": 1}", "repository_id": "42143902-25bb-4514-acc7-f41b0cfe5768", "python_files": 2, "symbols_mapped": 1}
{"timestamp": "2026-05-06T14:22:21.192Z", "level": "info", "context": "CodeCortex.Domain.CodeGraph", "message": "[GRAPH_WRITE_STARTED] {\"repository_id\": \"42143902-25bb-4514-acc7-f41b0cfe5768\", \"request_id\": \"internal\"}"}
{"timestamp": "2026-05-06T14:22:21.206Z", "level": "info", "context": "src.core.graph_manager", "message": "GraphManager initialized with backend type: none"}
{"timestamp": "2026-05-06T14:22:21.211Z", "level": "info", "context": "CodeCortex.Domain.CodeGraph", "message": "[GRAPH_WRITE_SKIPPED] {\"repository_id\": \"42143902-25bb-4514-acc7-f41b0cfe5768\", \"backend\": \"none\", \"request_id\": \"internal\"}"}
{"timestamp": "2026-05-06T14:22:21.212Z", "level": "info", "context": "CodeCortex.Domain.CodeIndex", "message": "[GRAPH_SYNC_COMPLETED] {\"repository_id\": \"42143902-25bb-4514-acc7-f41b0cfe5768\", \"files\": 2}", "repository_id": "42143902-25bb-4514-acc7-f41b0cfe5768", "files": 2}
{"timestamp": "2026-05-06T14:22:21.220Z", "level": "info", "context": "CodeCortex.Domain.CodeIndex", "message": "[SQLITE_EDGES_RESOLVED] {\"repository_id\": \"42143902-25bb-4514-acc7-f41b0cfe5768\", \"edges_inserted\": 0}", "repository_id": "42143902-25bb-4514-acc7-f41b0cfe5768", "edges_inserted": 0}
{"timestamp": "2026-05-06T14:22:21.221Z", "level": "info", "context": "CodeCortex.Domain.CodeIndex", "message": "[REPO_INDEXING_COMPLETED] {\"repository_id\": \"42143902-25bb-4514-acc7-f41b0cfe5768\", \"files_indexed\": 2}", "repository_id": "42143902-25bb-4514-acc7-f41b0cfe5768", "files_indexed": 2}
{"timestamp": "2026-05-06T14:22:21.258Z", "level": "info", "context": "CodeCortex.Domain.Refactor", "message": "[RENAME_SYMBOL_STARTED] {\"old\": \"old_func\", \"new\": \"new_func\", \"file\": \"C:\\\\Users\\\\steevenz\\\\MCP\\\\mcp-codecortex\\\\scratch\\\\test_refactor_diff\\\\hello.py\", \"request_id\": \"internal\"}"}
------------------------------ Captured log call ------------------------------
INFO     CodeCortex.Core.Database:database.py:147 [DATABASE_INITIALIZED]
INFO     CodeCortex.Domain.CodeRepository:service.py:58 [REPO_SYNC_STARTED] {"path": "C:\\Users\\steevenz\\MCP\\mcp-codecortex\\scratch\\test_refactor_diff", "max_depth": null, "request_id": "internal"}
WARNING  CodeCortex.Domain.CodeRepository.History:git_history.py:35 Git repository not detected at C:\Users\steevenz\MCP\mcp-codecortex\scratch\test_refactor_diff: C:\Users\steevenz\MCP\mcp-codecortex\scratch\test_refactor_diff
INFO     CodeCortex.Domain.CodeRepository:service.py:58 [REPO_SYNC_COMPLETED] {"repo_id": "42143902-25bb-4514-acc7-f41b0cfe5768", "request_id": "internal"}
INFO     CodeCortex.Domain.CodeIndex:service.py:141 [REPO_INDEXING_STARTED] {"repository_id": "42143902-25bb-4514-acc7-f41b0cfe5768"}
INFO     CodeCortex.Domain.CodeIndex:service.py:141 [PRE_SCAN_COMPLETED] {"repository_id": "42143902-25bb-4514-acc7-f41b0cfe5768", "python_files": 2, "symbols_mapped": 1}
INFO     CodeCortex.Domain.CodeGraph:service.py:88 [GRAPH_WRITE_STARTED] {"repository_id": "42143902-25bb-4514-acc7-f41b0cfe5768", "request_id": "internal"}
INFO     src.core.graph_manager:graph_manager.py:118 GraphManager initialized with backend type: none
INFO     CodeCortex.Domain.CodeGraph:service.py:88 [GRAPH_WRITE_SKIPPED] {"repository_id": "42143902-25bb-4514-acc7-f41b0cfe5768", "backend": "none", "request_id": "internal"}
INFO     CodeCortex.Domain.CodeIndex:service.py:141 [GRAPH_SYNC_COMPLETED] {"repository_id": "42143902-25bb-4514-acc7-f41b0cfe5768", "files": 2}
INFO     CodeCortex.Domain.CodeIndex:service.py:141 [SQLITE_EDGES_RESOLVED] {"repository_id": "42143902-25bb-4514-acc7-f41b0cfe5768", "edges_inserted": 0}
INFO     CodeCortex.Domain.CodeIndex:service.py:141 [REPO_INDEXING_COMPLETED] {"repository_id": "42143902-25bb-4514-acc7-f41b0cfe5768", "files_indexed": 2}
INFO     CodeCortex.Domain.Refactor:service.py:542 [RENAME_SYMBOL_STARTED] {"old": "old_func", "new": "new_func", "file": "C:\\Users\\steevenz\\MCP\\mcp-codecortex\\scratch\\test_refactor_diff\\hello.py", "request_id": "internal"}
=========================== short test summary info ===========================
FAILED tests/test_refactor_hardened.py::test_refactor_diff_generation - asser...
!!!!!!!!!!!!!!!!!!!!!!!!!! stopping after 1 failures !!!!!!!!!!!!!!!!!!!!!!!!!!
======================= 1 failed, 76 warnings in 2.82s ========================
